# JMP-table dispatch audit
# total sites: 971
#
# Summary:
#   static_target            670  (JMP with statically resolved target — safe)
#   in_function_switch         4  (JMP(PC,Dn.W) compiled to in-function switch+goto — safe, this is the Duff's-device fix)
#   dynamic_register           1  (JMP (An)/(d,An)/(An,Xn) — runtime address from register, safe via call_by_address)
#   fallback_hybrid                — JMP(PC,Dn.W) routed through hybrid_jmp_interpret; subdivided:
#     function_entry           5    (base IS a registered function — call_by_address resolves it directly)
#     bra_w_trampoline         0    (base opcode = 0x6000; runtime miss feedback works)
#     offset_table           291    (base is a dc.w (target-base) table; 1+ entries decode to functions — runtime resolves it)
#     INTERIOR_UNRESOLVED      0    (DANGER: base is interior to a function, NOT one of the safe patterns above — silent failure class like pre-fix CPZ)
#     external_unresolved      0    (base outside any known function — investigate)
#   unsupported                0  (decoder hit a JMP mode the emitter doesn't handle)
#
# When `interior_unresolved` is non-zero, inspect each site — these are
# Sonic-2-CPZ-style silent-failure candidates. Either the recompiler's
# Duff's-device probe (probe_pc_idx_targets) didn't match, or the table
# really is a new pattern that needs new codegen support.
#
# Format: <jmp_addr>  in func <func>  base <base>  kind=<kind>[ targets=N]

$0003F0  in func $0003F0  base $008BD4  kind=static_target
$0003F6  in func $0003F6  base $009C7C  kind=static_target
$0003FC  in func $0003FC  base $008BD4  kind=static_target
$000402  in func $000402  base $008BD4  kind=static_target
$0010E0  in func $0010E0  base $00DA5C  kind=static_target
$0010E6  in func $0010E6  base $03A722  kind=static_target
$00130C  in func $00130A  base $0EC000  kind=static_target
$001568  in func $001560  base $000000  kind=dynamic_register
$001802  in func $0017DC  base $001852  kind=fallback_hybrid/function_entry
$0019EE  in func $0019DC  base $0019F4  kind=fallback_hybrid/offset_table
$003990  in func $003990  base $01600C  kind=static_target
$003E98  in func $003E98  base $00C51E  kind=static_target
$004F4C  in func $004F4C  base $00E434  kind=static_target
$004F52  in func $004F52  base $00C3D0  kind=static_target
$004F58  in func $004F58  base $03FD5C  kind=static_target
$004F5E  in func $004F5E  base $00E36E  kind=static_target
$005754  in func $00572E  base $005758  kind=fallback_hybrid/offset_table
$005774  in func $00572E  base $005778  kind=fallback_hybrid/offset_table
$0057AA  in func $005788  base $0057AE  kind=fallback_hybrid/offset_table
$0057CA  in func $005788  base $0057CE  kind=fallback_hybrid/offset_table
$005DD0  in func $005DA8  base $005DD4  kind=fallback_hybrid/offset_table
$005DF2  in func $005DA8  base $005DF6  kind=fallback_hybrid/offset_table
$005E2A  in func $005E06  base $005E2E  kind=fallback_hybrid/offset_table
$005E4C  in func $005E06  base $005E50  kind=fallback_hybrid/offset_table
$006E50  in func $006E3C  base $006E54  kind=fallback_hybrid/offset_table
$006EFA  in func $006EE0  base $006EFE  kind=fallback_hybrid/offset_table
$0070FA  in func $0070F0  base $0070FE  kind=fallback_hybrid/offset_table
$007360  in func $007356  base $007364  kind=fallback_hybrid/offset_table
$007844  in func $007844  base $016564  kind=static_target
$00784A  in func $00784A  base $015814  kind=static_target
$007850  in func $007850  base $016556  kind=static_target
$007856  in func $007856  base $035D7A  kind=static_target
$00785C  in func $00785C  base $035E42  kind=static_target
$007862  in func $007862  base $01641C  kind=static_target
$007868  in func $007868  base $041106  kind=static_target
$007A72  in func $007A68  base $007A76  kind=fallback_hybrid/offset_table
$007AAC  in func $007AAC  base $016564  kind=static_target
$007AE0  in func $007AD0  base $016556  kind=static_target
$007B76  in func $007B46  base $016564  kind=static_target
$007B7C  in func $007B46  base $016556  kind=static_target
$007B90  in func $007B82  base $016564  kind=static_target
$007BDE  in func $007BD2  base $01B8E0  kind=static_target
$007C1C  in func $007BFA  base $01B8E0  kind=static_target
$007C5E  in func $007C52  base $0165B4  kind=static_target
$007CAA  in func $007C88  base $01D244  kind=static_target
$007D44  in func $007D44  base $016E0A  kind=static_target
$007D4A  in func $007D4A  base $016DEE  kind=static_target
$0080C8  in func $0080BE  base $0080CC  kind=fallback_hybrid/offset_table
$008140  in func $00812C  base $016564  kind=static_target
$008BC8  in func $008BC8  base $016DEE  kind=static_target
$008BCE  in func $008BCE  base $03FFC4  kind=static_target
$009C64  in func $009C64  base $001370  kind=static_target
$009C6A  in func $009C6A  base $00135E  kind=static_target
$009C70  in func $009C70  base $00140E  kind=static_target
$009C76  in func $009C76  base $03FFC4  kind=static_target
$00A204  in func $00A1D6  base $00A208  kind=fallback_hybrid/offset_table
$00A3D6  in func $00A3C8  base $00A3DA  kind=fallback_hybrid/offset_table
$00A530  in func $00A524  base $00A534  kind=fallback_hybrid/offset_table
$00A89E  in func $00A894  base $00A8A2  kind=fallback_hybrid/offset_table
$00A992  in func $00A988  base $00A996  kind=fallback_hybrid/offset_table
$00A9FC  in func $00A9F2  base $00AA00  kind=fallback_hybrid/offset_table
$00AAB8  in func $00AAAE  base $00AABC  kind=fallback_hybrid/offset_table
$00ABEA  in func $00ABE2  base $00ABEE  kind=fallback_hybrid/offset_table
$00AC38  in func $00AC30  base $00AC3C  kind=fallback_hybrid/offset_table
$00BF68  in func $00BF68  base $016564  kind=static_target
$00BF6E  in func $00BF6E  base $016556  kind=static_target
$00BF74  in func $00BF74  base $001370  kind=static_target
$00BF7A  in func $00BF7A  base $03AFF0  kind=static_target
$00BF80  in func $00BF80  base $0165B4  kind=static_target
$00BF86  in func $00BF86  base $0014DE  kind=static_target
$00BF8C  in func $00BF8C  base $0017BC  kind=static_target
$00BF92  in func $00BF92  base $001208  kind=static_target
$00BF98  in func $00BF98  base $00135E  kind=static_target
$00BF9E  in func $00BF9E  base $036868  kind=static_target
$00BFA4  in func $00BFA4  base $00140E  kind=static_target
$00BFAA  in func $00BFAA  base $01641C  kind=static_target
$00BFB0  in func $00BFB0  base $0019DC  kind=static_target
$00BFB6  in func $00BFB6  base $03669A  kind=static_target
$00C292  in func $00C258  base $00C296  kind=fallback_hybrid/offset_table
$00C4F8  in func $00C4D0  base $00C4FC  kind=fallback_hybrid/offset_table
$00D30C  in func $00D27C  base $00D322  kind=in_function_switch targets=16
$00D6B6  in func $00D69E  base $00D6BC  kind=in_function_switch targets=16
$00E62C  in func $00E62C  base $00272E  kind=static_target
$00E632  in func $00E632  base $00161E  kind=static_target
$00E638  in func $00E638  base $00193A  kind=static_target
$00E6DA  in func $00E6D0  base $00E6DE  kind=fallback_hybrid/offset_table
$00E7D4  in func $00E7CA  base $00E7D8  kind=fallback_hybrid/offset_table
$00E8C8  in func $00E8B2  base $00E8CC  kind=fallback_hybrid/offset_table
$00EA08  in func $00E9F6  base $00EA0C  kind=fallback_hybrid/offset_table
$00EC68  in func $00EC5A  base $00EC6C  kind=fallback_hybrid/offset_table
$00F0E0  in func $00F0D6  base $00F0E4  kind=fallback_hybrid/offset_table
$00F1C0  in func $00F1B6  base $00F1C4  kind=fallback_hybrid/offset_table
$00F2F2  in func $00F2E8  base $00F2F6  kind=fallback_hybrid/offset_table
$00F3FA  in func $00F3F0  base $00F3FE  kind=fallback_hybrid/offset_table
$00F4C0  in func $00F4B6  base $00F4C4  kind=fallback_hybrid/offset_table
$00F552  in func $00F548  base $00F556  kind=fallback_hybrid/offset_table
$00F620  in func $00F60E  base $00F624  kind=fallback_hybrid/offset_table
$00F6BC  in func $00F6BC  base $018072  kind=static_target
$00F6C2  in func $00F6C2  base $001370  kind=static_target
$00F6C8  in func $00F6C8  base $00272E  kind=static_target
$00F6CE  in func $00F6CE  base $00161E  kind=static_target
$00F6D4  in func $00F6D4  base $00135E  kind=static_target
$00F6F0  in func $00F6DC  base $00F6FC  kind=fallback_hybrid/offset_table
$00FCF8  in func $00FCF8  base $018092  kind=static_target
$00FCFE  in func $00FCFE  base $019E34  kind=static_target
$00FD04  in func $00FD04  base $0033B6  kind=static_target
$00FD20  in func $00FD0C  base $00FD2C  kind=fallback_hybrid/offset_table
$010368  in func $010368  base $019D7A  kind=static_target
$01036E  in func $01036E  base $018092  kind=static_target
$010374  in func $010374  base $0033B6  kind=static_target
$01037A  in func $01037A  base $01EF98  kind=static_target
$01038A  in func $010380  base $01038E  kind=fallback_hybrid/offset_table
$010526  in func $01051C  base $01052A  kind=fallback_hybrid/offset_table
$0106B8  in func $0106A8  base $0106BC  kind=fallback_hybrid/offset_table
$010918  in func $010918  base $0033B6  kind=static_target
$01091E  in func $01091E  base $019CCA  kind=static_target
$010924  in func $010924  base $0197B0  kind=static_target
$010936  in func $01092C  base $01093A  kind=fallback_hybrid/offset_table
$010A82  in func $010A78  base $010A86  kind=fallback_hybrid/offset_table
$010C5C  in func $010BDC  base $001370  kind=static_target
$011238  in func $011238  base $019D22  kind=static_target
$01123E  in func $01123E  base $019CCA  kind=static_target
$01124E  in func $011244  base $011252  kind=fallback_hybrid/offset_table
$01136A  in func $011360  base $01136E  kind=fallback_hybrid/offset_table
$01163E  in func $011634  base $011642  kind=fallback_hybrid/offset_table
$011714  in func $01170A  base $011718  kind=fallback_hybrid/offset_table
$0118F4  in func $0118F4  base $0197B0  kind=static_target
$011906  in func $0118FC  base $01190A  kind=fallback_hybrid/offset_table
$011E40  in func $011E36  base $011E44  kind=fallback_hybrid/offset_table
$011FAC  in func $011FAC  base $003390  kind=static_target
$011FBE  in func $011FB4  base $011FC2  kind=fallback_hybrid/offset_table
$012086  in func $012044  base $001376  kind=static_target
$0120E2  in func $01208E  base $001376  kind=static_target
$0120F2  in func $0120E8  base $0120F6  kind=fallback_hybrid/offset_table
$012660  in func $012656  base $012664  kind=fallback_hybrid/offset_table
$0126D8  in func $0126D8  base $0033B6  kind=static_target
$0126EA  in func $0126E0  base $0126EE  kind=fallback_hybrid/offset_table
$0128CE  in func $0128C4  base $0128D2  kind=fallback_hybrid/offset_table
$012990  in func $012954  base $012994  kind=fallback_hybrid/offset_table
$0129BE  in func $0129AE  base $00135E  kind=static_target
$0129D4  in func $0129C4  base $00135E  kind=static_target
$012A3E  in func $0129DA  base $00135E  kind=static_target
$012A96  in func $012A92  base $00135E  kind=static_target
$012CBC  in func $012BC2  base $00135E  kind=static_target
$012E92  in func $012E88  base $012E96  kind=fallback_hybrid/offset_table
$012EE2  in func $012EC8  base $012EE6  kind=fallback_hybrid/offset_table
$0130E0  in func $0130D6  base $0130E4  kind=fallback_hybrid/offset_table
$01314E  in func $013144  base $013152  kind=fallback_hybrid/offset_table
$01318C  in func $013182  base $013190  kind=fallback_hybrid/offset_table
$0131C4  in func $0131BA  base $0131C8  kind=fallback_hybrid/offset_table
$01327A  in func $013270  base $01327E  kind=fallback_hybrid/offset_table
$0132C6  in func $0132BC  base $0132CA  kind=fallback_hybrid/offset_table
$01330E  in func $013304  base $013312  kind=fallback_hybrid/offset_table
$01336A  in func $013360  base $01336E  kind=fallback_hybrid/offset_table
$013CAC  in func $013CAC  base $001370  kind=static_target
$013CB2  in func $013CB2  base $00135E  kind=static_target
$013CC2  in func $013CB8  base $013CC6  kind=fallback_hybrid/offset_table
$013FEE  in func $013FE4  base $013FF2  kind=fallback_hybrid/offset_table
$014100  in func $0140F6  base $014104  kind=fallback_hybrid/offset_table
$0142DA  in func $0142C6  base $001370  kind=static_target
$01443C  in func $014430  base $014440  kind=fallback_hybrid/offset_table
$014686  in func $0145F0  base $001370  kind=static_target
$0146CA  in func $014696  base $001370  kind=static_target
$015958  in func $015958  base $0014DE  kind=static_target
$01595E  in func $01595E  base $0014F0  kind=static_target
$015964  in func $015964  base $00161E  kind=static_target
$01596A  in func $01596A  base $008476  kind=static_target
$01597A  in func $015970  base $01597E  kind=fallback_hybrid/offset_table
$015B42  in func $015B36  base $015B46  kind=fallback_hybrid/offset_table
$015D42  in func $015D38  base $015D46  kind=fallback_hybrid/offset_table
$015EF6  in func $015EF2  base $001370  kind=static_target
$016FF4  in func $016FF4  base $04089C  kind=static_target
$016FFA  in func $016FFA  base $0408F2  kind=static_target
$017000  in func $017000  base $040A5E  kind=static_target
$017012  in func $017008  base $017016  kind=fallback_hybrid/offset_table
$01745E  in func $017454  base $017462  kind=fallback_hybrid/offset_table
$017602  in func $0175FC  base $017612  kind=fallback_hybrid/offset_table
$0178AC  in func $017892  base $001370  kind=static_target
$017B46  in func $017B3C  base $017B4A  kind=fallback_hybrid/offset_table
$01892E  in func $018920  base $016442  kind=static_target
$018972  in func $018940  base $018976  kind=fallback_hybrid/offset_table
$018B02  in func $018AFE  base $001370  kind=static_target
$018C58  in func $018C42  base $001370  kind=static_target
$018DFC  in func $018DE6  base $001370  kind=static_target
$018F30  in func $018F2C  base $001370  kind=static_target
$01903C  in func $019038  base $001370  kind=static_target
$0193F2  in func $0193E8  base $0193F6  kind=fallback_hybrid/offset_table
$019FEE  in func $019FE8  base $041B10  kind=static_target
$019FFE  in func $019FF4  base $01A002  kind=fallback_hybrid/offset_table
$01A1EC  in func $01A1E2  base $00135E  kind=static_target
$01A290  in func $01A226  base $001370  kind=static_target
$01A300  in func $01A296  base $001370  kind=static_target
$01AC36  in func $01ABD0  base $00135E  kind=static_target
$01B216  in func $01B1D2  base $016564  kind=static_target
$01B278  in func $01B262  base $016564  kind=static_target
$01B2AE  in func $01B27E  base $016564  kind=static_target
$01B320  in func $01B306  base $00161E  kind=static_target
$01B3E2  in func $01B3C8  base $016564  kind=static_target
$01B934  in func $01B934  base $03F9BE  kind=static_target
$01B960  in func $01B93C  base $01B964  kind=fallback_hybrid/offset_table
$01BB64  in func $01BB34  base $00135E  kind=static_target
$01BB88  in func $01BB6C  base $01BB8C  kind=fallback_hybrid/offset_table
$01C044  in func $01BFF2  base $001370  kind=static_target
$01C09C  in func $01C04A  base $001370  kind=static_target
$01CC9A  in func $01CC5E  base $016564  kind=static_target
$01CCFE  in func $01CCE8  base $016564  kind=static_target
$01CD7E  in func $01CD64  base $00161E  kind=static_target
$01CE56  in func $01CE3C  base $016564  kind=static_target
$01D2A2  in func $01D298  base $01D2A6  kind=fallback_hybrid/offset_table
$01D3B0  in func $01D3B0  base $03F9BE  kind=static_target
$01D3C2  in func $01D3B8  base $01D3C6  kind=fallback_hybrid/offset_table
$01D49A  in func $01D462  base $016564  kind=static_target
$01D4A0  in func $01D462  base $016556  kind=static_target
$01D4C0  in func $01D4B2  base $016564  kind=static_target
$01D4C6  in func $01D4C6  base $016556  kind=static_target
$01D500  in func $01D4EA  base $016564  kind=static_target
$01D506  in func $01D506  base $016556  kind=static_target
$01D994  in func $01D98A  base $01D998  kind=fallback_hybrid/offset_table
$01DA08  in func $01D9FC  base $016564  kind=static_target
$01DA10  in func $01DA10  base $016556  kind=static_target
$01DA20  in func $01DA16  base $01DA24  kind=fallback_hybrid/offset_table
$01DDC2  in func $01DDB8  base $01DDC6  kind=fallback_hybrid/offset_table
$01DE38  in func $01DE28  base $01DE3C  kind=fallback_hybrid/offset_table
$01DED0  in func $01DEC0  base $016564  kind=static_target
$01E192  in func $01E188  base $01E196  kind=fallback_hybrid/offset_table
$01E21A  in func $01E21A  base $016564  kind=static_target
$01E250  in func $01E250  base $016556  kind=static_target
$01F156  in func $01F14C  base $01F15A  kind=fallback_hybrid/offset_table
$01F2D2  in func $01F2C8  base $016442  kind=static_target
$01F2F4  in func $01F2D8  base $016556  kind=static_target
$01F32A  in func $01F2FA  base $016442  kind=static_target
$01F6A0  in func $01F6A0  base $016556  kind=static_target
$01F6A8  in func $01F6A8  base $016442  kind=static_target
$01F6AE  in func $01F6AE  base $0165B4  kind=static_target
$01F6B4  in func $01F6B4  base $016DEE  kind=static_target
$01F6C6  in func $01F6BC  base $01F6CA  kind=fallback_hybrid/offset_table
$01F764  in func $01F750  base $016556  kind=static_target
$01F78A  in func $01F772  base $016564  kind=static_target
$01F790  in func $01F772  base $016556  kind=static_target
$01F7C0  in func $01F7C0  base $016DEE  kind=static_target
$01F7D2  in func $01F7C8  base $01F7D6  kind=fallback_hybrid/offset_table
$01F92C  in func $01F8D6  base $016442  kind=static_target
$01F932  in func $01F932  base $0165B4  kind=static_target
$01F938  in func $01F938  base $016DEE  kind=static_target
$01F94A  in func $01F940  base $01F94E  kind=fallback_hybrid/offset_table
$01FA2A  in func $01FA20  base $016564  kind=static_target
$01FA30  in func $01FA20  base $016556  kind=static_target
$01FA48  in func $01FA36  base $016564  kind=static_target
$01FA4E  in func $01FA36  base $016556  kind=static_target
$01FD5C  in func $01FD5C  base $016564  kind=static_target
$01FD62  in func $01FD62  base $016556  kind=static_target
$01FD68  in func $01FD68  base $016DEE  kind=static_target
$01FD6E  in func $01FD6E  base $01641C  kind=static_target
$01FD82  in func $01FD74  base $0164AE  kind=static_target
$02012C  in func $02012C  base $016DEE  kind=static_target
$02013E  in func $020134  base $020142  kind=fallback_hybrid/offset_table
$02029C  in func $0201D4  base $016442  kind=static_target
$0202A2  in func $0202A2  base $016DEE  kind=static_target
$0202B2  in func $0202A8  base $0202B6  kind=fallback_hybrid/offset_table
$0203A0  in func $02037E  base $016442  kind=static_target
$0203A6  in func $0203A6  base $016DEE  kind=static_target
$0203AC  in func $0203AC  base $0033B6  kind=static_target
$0203BE  in func $0203B4  base $0203C2  kind=fallback_hybrid/offset_table
$020430  in func $0203EE  base $016564  kind=static_target
$020436  in func $0203EE  base $016556  kind=static_target
$02043C  in func $02043C  base $016DEE  kind=static_target
$02044E  in func $020444  base $020452  kind=fallback_hybrid/offset_table
$02095C  in func $02095C  base $016564  kind=static_target
$020962  in func $020962  base $016556  kind=static_target
$020968  in func $020968  base $016E0A  kind=static_target
$02096E  in func $02096E  base $016DEE  kind=static_target
$02097E  in func $020974  base $020982  kind=fallback_hybrid/offset_table
$020C40  in func $020C36  base $020C44  kind=fallback_hybrid/offset_table
$020E8E  in func $020E84  base $020E92  kind=fallback_hybrid/offset_table
$020F82  in func $020F78  base $020F86  kind=fallback_hybrid/offset_table
$021074  in func $02106A  base $021078  kind=fallback_hybrid/offset_table
$02112A  in func $021120  base $02112E  kind=fallback_hybrid/offset_table
$021202  in func $0211F4  base $0164AE  kind=static_target
$021438  in func $02142A  base $0164AE  kind=static_target
$021544  in func $021544  base $016564  kind=static_target
$02154A  in func $02154A  base $016556  kind=static_target
$021550  in func $021550  base $018072  kind=static_target
$021556  in func $021556  base $016DEE  kind=static_target
$021586  in func $021572  base $016556  kind=static_target
$0219B8  in func $0219B8  base $0033B6  kind=static_target
$021CEE  in func $021CC4  base $001370  kind=static_target
$021E2C  in func $021E2C  base $018092  kind=static_target
$021E32  in func $021E32  base $016DEE  kind=static_target
$021E38  in func $021E38  base $0163F0  kind=static_target
$021E3E  in func $021E3E  base $01647A  kind=static_target
$021E4E  in func $021E44  base $021E52  kind=fallback_hybrid/offset_table
$021ECE  in func $021EC4  base $021ED2  kind=fallback_hybrid/offset_table
$022090  in func $022090  base $016442  kind=static_target
$022096  in func $022096  base $018092  kind=static_target
$02209C  in func $02209C  base $016DEE  kind=static_target
$0220A2  in func $0220A2  base $019CCA  kind=static_target
$0220A8  in func $0220A8  base $01641C  kind=static_target
$0220BA  in func $0220B0  base $0220BE  kind=fallback_hybrid/offset_table
$022190  in func $022180  base $022194  kind=fallback_hybrid/offset_table
$022324  in func $022324  base $016564  kind=static_target
$02232A  in func $02232A  base $016556  kind=static_target
$022330  in func $022330  base $016DEE  kind=static_target
$022336  in func $022336  base $019CCA  kind=static_target
$02233C  in func $02233C  base $01641C  kind=static_target
$02234E  in func $022344  base $022352  kind=fallback_hybrid/offset_table
$022474  in func $022470  base $001370  kind=static_target
$022494  in func $022494  base $016442  kind=static_target
$02249A  in func $02249A  base $016DEE  kind=static_target
$0224AA  in func $0224A0  base $0224AE  kind=fallback_hybrid/offset_table
$02261C  in func $02261C  base $016442  kind=static_target
$022622  in func $022622  base $018092  kind=static_target
$022628  in func $022628  base $016E0A  kind=static_target
$02262E  in func $02262E  base $01641C  kind=static_target
$022688  in func $022680  base $02268C  kind=fallback_hybrid/offset_table
$022850  in func $02283E  base $001370  kind=static_target
$0228FC  in func $0228F0  base $001370  kind=static_target
$023088  in func $023088  base $0164AE  kind=static_target
$02309A  in func $023090  base $02309E  kind=fallback_hybrid/offset_table
$023374  in func $023374  base $016556  kind=static_target
$02337A  in func $02337A  base $016442  kind=static_target
$023380  in func $023380  base $018092  kind=static_target
$023386  in func $023386  base $0165B4  kind=static_target
$02338C  in func $02338C  base $016DEE  kind=static_target
$023392  in func $023392  base $01641C  kind=static_target
$0233A2  in func $023398  base $0233A6  kind=fallback_hybrid/offset_table
$0235BC  in func $0235B2  base $0235C0  kind=fallback_hybrid/offset_table
$023944  in func $023944  base $016564  kind=static_target
$02394A  in func $02394A  base $016556  kind=static_target
$023950  in func $023950  base $018072  kind=static_target
$023956  in func $023956  base $016442  kind=static_target
$02395C  in func $02395C  base $016DEE  kind=static_target
$023962  in func $023962  base $015E88  kind=static_target
$023968  in func $023968  base $0197B0  kind=static_target
$02396E  in func $02396E  base $01641C  kind=static_target
$02397E  in func $023974  base $023982  kind=fallback_hybrid/offset_table
$023B68  in func $023B68  base $016556  kind=static_target
$023B6E  in func $023B6E  base $03F8FA  kind=static_target
$023B74  in func $023B74  base $0164AE  kind=static_target
$023B7A  in func $023B7A  base $019F88  kind=static_target
$023B80  in func $023B80  base $019810  kind=static_target
$023B86  in func $023B86  base $019868  kind=static_target
$023B96  in func $023B8C  base $023B9A  kind=fallback_hybrid/offset_table
$023EC4  in func $023EC4  base $016442  kind=static_target
$023ECA  in func $023ECA  base $018092  kind=static_target
$023ED0  in func $023ED0  base $0197B0  kind=static_target
$023EE2  in func $023ED8  base $023EE6  kind=fallback_hybrid/offset_table
$023FC8  in func $023FA2  base $016564  kind=static_target
$023FEE  in func $023FDC  base $016556  kind=static_target
$023FF8  in func $023FF4  base $016564  kind=static_target
$0240AC  in func $0240AC  base $018092  kind=static_target
$0240B2  in func $0240B2  base $016DEE  kind=static_target
$0240C2  in func $0240B8  base $0240C6  kind=fallback_hybrid/offset_table
$024184  in func $024184  base $03F9BE  kind=static_target
$02418A  in func $02418A  base $019CE0  kind=static_target
$0241DA  in func $0241A8  base $0241DE  kind=fallback_hybrid/offset_table
$02430A  in func $024306  base $001370  kind=static_target
$024562  in func $024552  base $001370  kind=static_target
$024AB8  in func $024AAE  base $024ABC  kind=fallback_hybrid/offset_table
$024D5C  in func $024D5C  base $016556  kind=static_target
$024D62  in func $024D62  base $018072  kind=static_target
$024D68  in func $024D68  base $016442  kind=static_target
$024D6E  in func $024D6E  base $016DEE  kind=static_target
$024D74  in func $024D74  base $0197B0  kind=static_target
$024D7A  in func $024D7A  base $019826  kind=static_target
$024D80  in func $024D80  base $019918  kind=static_target
$024D86  in func $024D86  base $01641C  kind=static_target
$024D96  in func $024D8C  base $024D9A  kind=fallback_hybrid/offset_table
$024E54  in func $024DCA  base $016442  kind=static_target
$024E5A  in func $024E5A  base $016DEE  kind=static_target
$024E60  in func $024E60  base $0197B0  kind=static_target
$024E72  in func $024E68  base $024E76  kind=fallback_hybrid/offset_table
$025014  in func $02500C  base $025018  kind=fallback_hybrid/offset_table
$0252A4  in func $0252A4  base $016564  kind=static_target
$0252AA  in func $0252AA  base $016556  kind=static_target
$0252B0  in func $0252B0  base $016442  kind=static_target
$0252B6  in func $0252B6  base $018092  kind=static_target
$0252BC  in func $0252BC  base $0164AE  kind=static_target
$0252C2  in func $0252C2  base $016DEE  kind=static_target
$0252C8  in func $0252C8  base $015E88  kind=static_target
$0252CE  in func $0252CE  base $0197B0  kind=static_target
$0252D4  in func $0252D4  base $01641C  kind=static_target
$02537C  in func $025374  base $025380  kind=fallback_hybrid/offset_table
$025718  in func $025718  base $016564  kind=static_target
$02571E  in func $02571E  base $016442  kind=static_target
$025724  in func $025724  base $016DEE  kind=static_target
$025736  in func $02572C  base $02573A  kind=fallback_hybrid/offset_table
$025900  in func $025900  base $016556  kind=static_target
$025906  in func $025906  base $018072  kind=static_target
$02590C  in func $02590C  base $016442  kind=static_target
$025912  in func $025912  base $0165B4  kind=static_target
$025918  in func $025918  base $016DEE  kind=static_target
$02591E  in func $02591E  base $01641C  kind=static_target
$02592E  in func $025924  base $025932  kind=fallback_hybrid/offset_table
$0259EA  in func $0259E0  base $0259EE  kind=fallback_hybrid/offset_table
$025AFC  in func $025AF2  base $025B00  kind=fallback_hybrid/offset_table
$025BCA  in func $025BC0  base $025BCE  kind=fallback_hybrid/offset_table
$025D00  in func $025CFC  base $001370  kind=static_target
$026170  in func $026170  base $016564  kind=static_target
$026176  in func $026176  base $016556  kind=static_target
$02617C  in func $02617C  base $016442  kind=static_target
$026182  in func $026182  base $018092  kind=static_target
$026188  in func $026188  base $016DEE  kind=static_target
$02618E  in func $02618E  base $0197B0  kind=static_target
$026194  in func $026194  base $01641C  kind=static_target
$0261A6  in func $02619C  base $0261AA  kind=fallback_hybrid/offset_table
$026318  in func $026310  base $001370  kind=static_target
$0263E8  in func $02632E  base $016564  kind=static_target
$0263EE  in func $0263EE  base $016556  kind=static_target
$0263F4  in func $0263F4  base $018072  kind=static_target
$0263FA  in func $0263FA  base $003390  kind=static_target
$026400  in func $026400  base $0033B6  kind=static_target
$0265E2  in func $0265DE  base $001370  kind=static_target
$0266B4  in func $0266B4  base $016442  kind=static_target
$0266BA  in func $0266BA  base $0165B4  kind=static_target
$0266C0  in func $0266C0  base $016DEE  kind=static_target
$0266C6  in func $0266C6  base $01987E  kind=static_target
$0266D6  in func $0266CC  base $0266DA  kind=fallback_hybrid/offset_table
$0268CC  in func $0268A0  base $001370  kind=static_target
$026994  in func $0268D2  base $016564  kind=static_target
$02699A  in func $0268D2  base $016556  kind=static_target
$0269A0  in func $0269A0  base $018072  kind=static_target
$0269A6  in func $0269A6  base $016442  kind=static_target
$0269AC  in func $0269AC  base $016DEE  kind=static_target
$0269B2  in func $0269B2  base $019826  kind=static_target
$0269C2  in func $0269B8  base $0269C6  kind=fallback_hybrid/offset_table
$026A80  in func $026A3A  base $016564  kind=static_target
$026A86  in func $026A3A  base $016556  kind=static_target
$026B6C  in func $026B6C  base $016DEE  kind=static_target
$026B72  in func $026B72  base $0197B0  kind=static_target
$026B82  in func $026B78  base $026B86  kind=fallback_hybrid/offset_table
$026CF8  in func $026CB4  base $016564  kind=static_target
$026D10  in func $026CFE  base $016556  kind=static_target
$026FD8  in func $026FD8  base $016442  kind=static_target
$026FDE  in func $026FDE  base $018092  kind=static_target
$026FE4  in func $026FE4  base $016DEE  kind=static_target
$026FEA  in func $026FEA  base $0197B0  kind=static_target
$026FFA  in func $026FF0  base $026FFE  kind=fallback_hybrid/offset_table
$0271B2  in func $027174  base $001370  kind=static_target
$0271E0  in func $0271E0  base $016556  kind=static_target
$0271E6  in func $0271E6  base $016DEE  kind=static_target
$0271EC  in func $0271EC  base $019826  kind=static_target
$02725E  in func $027256  base $027262  kind=fallback_hybrid/offset_table
$027618  in func $027618  base $016564  kind=static_target
$02761E  in func $02761E  base $0165B4  kind=static_target
$027624  in func $027624  base $0164AE  kind=static_target
$027636  in func $02762C  base $02763A  kind=fallback_hybrid/offset_table
$027836  in func $02782C  base $02783A  kind=fallback_hybrid/offset_table
$0278FC  in func $0278FC  base $016442  kind=static_target
$027902  in func $027902  base $018092  kind=static_target
$027908  in func $027908  base $016DEE  kind=static_target
$02790E  in func $02790E  base $0197B0  kind=static_target
$027914  in func $027914  base $01647A  kind=static_target
$027926  in func $02791C  base $02792A  kind=fallback_hybrid/offset_table
$0279BA  in func $0279AA  base $0279BE  kind=fallback_hybrid/offset_table
$027B28  in func $027B28  base $016442  kind=static_target
$027B2E  in func $027B2E  base $01EE92  kind=static_target
$027B34  in func $027B34  base $016DEE  kind=static_target
$027B3A  in func $027B3A  base $0197B0  kind=static_target
$027B40  in func $027B40  base $01641C  kind=static_target
$027B52  in func $027B48  base $027B56  kind=fallback_hybrid/offset_table
$027DEC  in func $027DEC  base $018092  kind=static_target
$027DF2  in func $027DF2  base $016DEE  kind=static_target
$027DF8  in func $027DF8  base $0197B0  kind=static_target
$027DFE  in func $027DFE  base $01647A  kind=static_target
$027E0E  in func $027E04  base $027E12  kind=fallback_hybrid/offset_table
$0280B4  in func $0280B4  base $016DEE  kind=static_target
$0280BA  in func $0280BA  base $0197B0  kind=static_target
$0280C0  in func $0280C0  base $01647A  kind=static_target
$0280C6  in func $0280C6  base $01641C  kind=static_target
$028420  in func $028420  base $016564  kind=static_target
$028426  in func $028426  base $016556  kind=static_target
$02842C  in func $02842C  base $018072  kind=static_target
$028432  in func $028432  base $016DEE  kind=static_target
$028438  in func $028438  base $019CCA  kind=static_target
$02843E  in func $02843E  base $01641C  kind=static_target
$02844E  in func $028444  base $028452  kind=fallback_hybrid/offset_table
$028536  in func $0284CA  base $016564  kind=static_target
$02854E  in func $0284CA  base $016556  kind=static_target
$0285A6  in func $028554  base $016564  kind=static_target
$0285BE  in func $028554  base $016556  kind=static_target
$02864C  in func $02864C  base $016DEE  kind=static_target
$028652  in func $028652  base $0197B0  kind=static_target
$028662  in func $028658  base $028666  kind=fallback_hybrid/offset_table
$028792  in func $028762  base $016564  kind=static_target
$028798  in func $028762  base $016556  kind=static_target
$0289C0  in func $0289C0  base $018092  kind=static_target
$0289C6  in func $0289C6  base $016E0A  kind=static_target
$0289CC  in func $0289CC  base $0197B0  kind=static_target
$0289DE  in func $0289D4  base $0289E2  kind=fallback_hybrid/offset_table
$028A64  in func $028A64  base $0164AE  kind=static_target
$028A76  in func $028A6C  base $028A7A  kind=fallback_hybrid/offset_table
$028C40  in func $028C40  base $016564  kind=static_target
$028C46  in func $028C46  base $018072  kind=static_target
$028C4C  in func $028C4C  base $016558  kind=static_target
$028C52  in func $028C52  base $016DEE  kind=static_target
$028C58  in func $028C58  base $0197B0  kind=static_target
$028C74  in func $028C60  base $028C80  kind=fallback_hybrid/offset_table
$028E58  in func $028E58  base $0165A0  kind=static_target
$028E5E  in func $028E5E  base $016564  kind=static_target
$028E64  in func $028E64  base $016556  kind=static_target
$028E6A  in func $028E6A  base $016442  kind=static_target
$028E70  in func $028E70  base $016558  kind=static_target
$028E76  in func $028E76  base $018092  kind=static_target
$028E7C  in func $028E7C  base $016DEE  kind=static_target
$028E82  in func $028E82  base $0033B6  kind=static_target
$028E88  in func $028E88  base $0197B0  kind=static_target
$028E9A  in func $028E90  base $028E9E  kind=fallback_hybrid/offset_table
$029008  in func $029008  base $015B00  kind=static_target
$02900E  in func $02900E  base $016DEE  kind=static_target
$029014  in func $029014  base $0197B0  kind=static_target
$02901A  in func $02901A  base $01647A  kind=static_target
$02902A  in func $029020  base $02902E  kind=fallback_hybrid/offset_table
$029250  in func $029250  base $016442  kind=static_target
$029256  in func $029256  base $016DEE  kind=static_target
$02925C  in func $02925C  base $0197B0  kind=static_target
$029420  in func $029420  base $018092  kind=static_target
$029426  in func $029426  base $016E0A  kind=static_target
$02942C  in func $02942C  base $0197B0  kind=static_target
$029432  in func $029432  base $01647A  kind=static_target
$029442  in func $029438  base $029446  kind=fallback_hybrid/offset_table
$029556  in func $029526  base $016564  kind=static_target
$02957C  in func $02955C  base $016556  kind=static_target
$029586  in func $029582  base $016564  kind=static_target
$029610  in func $029610  base $016564  kind=static_target
$029616  in func $029616  base $018092  kind=static_target
$02961C  in func $02961C  base $016DEE  kind=static_target
$029622  in func $029622  base $019CCA  kind=static_target
$0297FA  in func $0297CE  base $001370  kind=static_target
$02985C  in func $02985C  base $016564  kind=static_target
$029862  in func $029862  base $016556  kind=static_target
$029868  in func $029868  base $0165B4  kind=static_target
$02986E  in func $02986E  base $016DEE  kind=static_target
$029874  in func $029874  base $019826  kind=static_target
$029886  in func $02987C  base $02988A  kind=fallback_hybrid/offset_table
$029A08  in func $029A08  base $016442  kind=static_target
$029A0E  in func $029A0E  base $016DEE  kind=static_target
$029A1E  in func $029A14  base $029A22  kind=fallback_hybrid/offset_table
$02A08C  in func $02A08C  base $016442  kind=static_target
$02A092  in func $02A092  base $016DEE  kind=static_target
$02A0AC  in func $02A098  base $02A0B8  kind=fallback_hybrid/offset_table
$02A2F8  in func $02A2F8  base $0165A0  kind=static_target
$02A2FE  in func $02A2FE  base $016564  kind=static_target
$02A304  in func $02A304  base $016556  kind=static_target
$02A30A  in func $02A30A  base $016558  kind=static_target
$02A310  in func $02A310  base $018092  kind=static_target
$02A316  in func $02A316  base $016DEE  kind=static_target
$02A31C  in func $02A31C  base $0033B6  kind=static_target
$02A322  in func $02A322  base $0197B0  kind=static_target
$02A332  in func $02A328  base $02A336  kind=fallback_hybrid/offset_table
$02A570  in func $02A570  base $01EE92  kind=static_target
$02A576  in func $02A576  base $016DEE  kind=static_target
$02A57C  in func $02A57C  base $01F056  kind=static_target
$02A582  in func $02A582  base $0197B0  kind=static_target
$02A588  in func $02A588  base $01647A  kind=static_target
$02A58E  in func $02A58E  base $01641C  kind=static_target
$02A5A8  in func $02A594  base $02A5B4  kind=fallback_hybrid/offset_table
$02A810  in func $02A810  base $0165A0  kind=static_target
$02A816  in func $02A816  base $016564  kind=static_target
$02A81C  in func $02A81C  base $016556  kind=static_target
$02A822  in func $02A822  base $016558  kind=static_target
$02A828  in func $02A828  base $018092  kind=static_target
$02A82E  in func $02A82E  base $016DEE  kind=static_target
$02A834  in func $02A834  base $0033B6  kind=static_target
$02A83A  in func $02A83A  base $019CCA  kind=static_target
$02A840  in func $02A840  base $01647A  kind=static_target
$02A852  in func $02A848  base $02A856  kind=fallback_hybrid/offset_table
$02AC10  in func $02AC10  base $016442  kind=static_target
$02AC16  in func $02AC16  base $016DEE  kind=static_target
$02AEE8  in func $02AEA4  base $001370  kind=static_target
$02B110  in func $02B100  base $001370  kind=static_target
$02B1C0  in func $02B1C0  base $0165A0  kind=static_target
$02B1C6  in func $02B1C6  base $016556  kind=static_target
$02B1CC  in func $02B1CC  base $016DEE  kind=static_target
$02B1D2  in func $02B1D2  base $019826  kind=static_target
$02B3A4  in func $02B37A  base $001370  kind=static_target
$02B458  in func $02B454  base $001370  kind=static_target
$02B59C  in func $02B59C  base $016442  kind=static_target
$02B5A2  in func $02B5A2  base $0165B4  kind=static_target
$02B5A8  in func $02B5A8  base $016DEE  kind=static_target
$02B5AE  in func $02B5AE  base $0033B6  kind=static_target
$02B5B4  in func $02B5B4  base $019826  kind=static_target
$02B5BA  in func $02B5BA  base $019868  kind=static_target
$02B5CA  in func $02B5C0  base $02B5CE  kind=fallback_hybrid/offset_table
$02B8CC  in func $02B8CC  base $0164AE  kind=static_target
$02B8D2  in func $02B8D2  base $016DEE  kind=static_target
$02B8D8  in func $02B8D8  base $0197B0  kind=static_target
$02B8DE  in func $02B8DE  base $01647A  kind=static_target
$02B978  in func $02B8E4  base $016564  kind=static_target
$02B97E  in func $02B8E4  base $016556  kind=static_target
$02B98E  in func $02B984  base $02B992  kind=fallback_hybrid/offset_table
$02BA88  in func $02BA88  base $016DEE  kind=static_target
$02BA8E  in func $02BA8E  base $0197B0  kind=static_target
$02BA94  in func $02BA94  base $01647A  kind=static_target
$02BA9A  in func $02BA9A  base $01641C  kind=static_target
$02BAAA  in func $02BAA0  base $02BAAE  kind=fallback_hybrid/offset_table
$02BBEC  in func $02BBEC  base $016442  kind=static_target
$02BBF2  in func $02BBF2  base $016DEE  kind=static_target
$02BBF8  in func $02BBF8  base $019DD2  kind=static_target
$02BBFE  in func $02BBFE  base $01641C  kind=static_target
$02BC0E  in func $02BC04  base $02BC12  kind=fallback_hybrid/offset_table
$02BC86  in func $02BC80  base $02BC8A  kind=fallback_hybrid/offset_table
$02BFC6  in func $02BFBC  base $02BFCA  kind=fallback_hybrid/function_entry
$02C17A  in func $02C140  base $02C17E  kind=fallback_hybrid/function_entry
$02C2B8  in func $02C2A2  base $02C2BC  kind=fallback_hybrid/function_entry
$02C398  in func $02C376  base $02C39C  kind=fallback_hybrid/function_entry
$02C4B4  in func $02C4B4  base $018072  kind=static_target
$02C4BA  in func $02C4BA  base $016442  kind=static_target
$02C4C0  in func $02C4C0  base $0165B4  kind=static_target
$02C4C6  in func $02C4C6  base $016E0A  kind=static_target
$02C4CC  in func $02C4CC  base $016DEE  kind=static_target
$02C4D2  in func $02C4D2  base $0033B6  kind=static_target
$02C4D8  in func $02C4D8  base $019826  kind=static_target
$02C4EA  in func $02C4E0  base $02C4EE  kind=fallback_hybrid/offset_table
$02C610  in func $02C5F6  base $001370  kind=static_target
$02C68A  in func $02C65C  base $016564  kind=static_target
$02C6A2  in func $02C690  base $016556  kind=static_target
$02C72C  in func $02C72C  base $016564  kind=static_target
$02C732  in func $02C732  base $016442  kind=static_target
$02C738  in func $02C738  base $0165B4  kind=static_target
$02C73E  in func $02C73E  base $016DEE  kind=static_target
$02C74E  in func $02C744  base $02C752  kind=fallback_hybrid/offset_table
$02C9A4  in func $02C91C  base $016556  kind=static_target
$02C9AA  in func $02C9AA  base $018072  kind=static_target
$02C9B0  in func $02C9B0  base $016442  kind=static_target
$02C9B6  in func $02C9B6  base $0165B4  kind=static_target
$02C9BC  in func $02C9BC  base $016DEE  kind=static_target
$02C9CE  in func $02C9C4  base $02C9D2  kind=fallback_hybrid/offset_table
$02CAA4  in func $02CAA4  base $0164AE  kind=static_target
$02CAB6  in func $02CAAC  base $02CABA  kind=fallback_hybrid/offset_table
$02CD3C  in func $02CD3C  base $016564  kind=static_target
$02CD42  in func $02CD42  base $016556  kind=static_target
$02CD48  in func $02CD48  base $016442  kind=static_target
$02CD4E  in func $02CD4E  base $0165B4  kind=static_target
$02CD54  in func $02CD54  base $0163F0  kind=static_target
$02CD5A  in func $02CD5A  base $01641C  kind=static_target
$02CD6A  in func $02CD60  base $02CD6E  kind=fallback_hybrid/offset_table
$02D0C8  in func $02D0C8  base $016564  kind=static_target
$02D0CE  in func $02D0CE  base $016556  kind=static_target
$02D0D4  in func $02D0D4  base $018072  kind=static_target
$02D0DA  in func $02D0DA  base $016442  kind=static_target
$02D0E0  in func $02D0E0  base $0165B4  kind=static_target
$02D0E6  in func $02D0E6  base $03676E  kind=static_target
$02D0EC  in func $02D0EC  base $0367B2  kind=static_target
$02D0F2  in func $02D0F2  base $0367EC  kind=static_target
$02D0F8  in func $02D0F8  base $01641C  kind=static_target
$02D10A  in func $02D100  base $02D10E  kind=fallback_hybrid/offset_table
$02D400  in func $02D400  base $016556  kind=static_target
$02D406  in func $02D406  base $018092  kind=static_target
$02D40C  in func $02D40C  base $0165B4  kind=static_target
$02D412  in func $02D412  base $016E0A  kind=static_target
$02D418  in func $02D418  base $0164E2  kind=static_target
$02D41E  in func $02D41E  base $016DEE  kind=static_target
$02D424  in func $02D424  base $01641C  kind=static_target
$02D514  in func $02D514  base $016442  kind=static_target
$02D51A  in func $02D51A  base $0165B4  kind=static_target
$02D520  in func $02D520  base $016DEE  kind=static_target
$02D526  in func $02D526  base $01641C  kind=static_target
$02D536  in func $02D52C  base $02D53A  kind=fallback_hybrid/offset_table
$02D57C  in func $02D53E  base $001370  kind=static_target
$02D7AC  in func $02D7AC  base $016564  kind=static_target
$02D7B2  in func $02D7B2  base $016556  kind=static_target
$02D7B8  in func $02D7B8  base $00161E  kind=static_target
$02D7BE  in func $02D7BE  base $040D9E  kind=static_target
$02D7C4  in func $02D7C4  base $016DEE  kind=static_target
$02D7D6  in func $02D7CC  base $02D7DA  kind=fallback_hybrid/offset_table
$02DA16  in func $02D9E6  base $016564  kind=static_target
$02DAF4  in func $02DAE8  base $016556  kind=static_target
$02DD7E  in func $02DD4E  base $016564  kind=static_target
$02DE44  in func $02DE3A  base $02DE48  kind=fallback_hybrid/offset_table
$02DF08  in func $02DEFE  base $02DF0C  kind=fallback_hybrid/offset_table
$02E008  in func $02DFF2  base $016564  kind=static_target
$02E0DC  in func $02E096  base $016564  kind=static_target
$02E126  in func $02E112  base $02E12A  kind=fallback_hybrid/offset_table
$02E1C2  in func $02E176  base $016564  kind=static_target
$02E224  in func $02E1C8  base $016564  kind=static_target
$02E234  in func $02E22A  base $02E238  kind=fallback_hybrid/offset_table
$02E372  in func $02E344  base $016564  kind=static_target
$02E6F8  in func $02E6D0  base $016564  kind=static_target
$02E71C  in func $02E712  base $02E720  kind=fallback_hybrid/offset_table
$02E784  in func $02E762  base $016564  kind=static_target
$02E7BA  in func $02E762  base $016564  kind=static_target
$02E822  in func $02E7DE  base $016564  kind=static_target
$02E862  in func $02E828  base $016564  kind=static_target
$02E9DC  in func $02E9D0  base $016564  kind=static_target
$02EF68  in func $02EF68  base $016564  kind=static_target
$02EF6E  in func $02EF6E  base $016556  kind=static_target
$02EF74  in func $02EF74  base $016442  kind=static_target
$02EF7A  in func $02EF7A  base $001370  kind=static_target
$02EF80  in func $02EF80  base $016E0A  kind=static_target
$02EF86  in func $02EF86  base $00161E  kind=static_target
$02EF8C  in func $02EF8C  base $040D9E  kind=static_target
$02EF92  in func $02EF92  base $016DEE  kind=static_target
$02EF98  in func $02EF98  base $00F696  kind=static_target
$02EF9E  in func $02EF9E  base $00F69E  kind=static_target
$02EFA4  in func $02EFA4  base $0163F0  kind=static_target
$02EFAA  in func $02EFAA  base $01641C  kind=static_target
$02EFBA  in func $02EFB0  base $02EFBE  kind=fallback_hybrid/offset_table
$02F304  in func $02F2FA  base $02F308  kind=fallback_hybrid/offset_table
$02F34A  in func $02F340  base $02F34E  kind=fallback_hybrid/offset_table
$02F5F0  in func $02F5E6  base $02F5F4  kind=fallback_hybrid/offset_table
$02F706  in func $02F6FC  base $02F70A  kind=fallback_hybrid/offset_table
$02F9C8  in func $02F9BC  base $016564  kind=static_target
$02FC8C  in func $02FC8C  base $016564  kind=static_target
$02FC92  in func $02FC92  base $016556  kind=static_target
$02FC98  in func $02FC98  base $016442  kind=static_target
$02FC9E  in func $02FC9E  base $016558  kind=static_target
$02FCA4  in func $02FCA4  base $001370  kind=static_target
$02FCAA  in func $02FCAA  base $018092  kind=static_target
$02FCB0  in func $02FCB0  base $0165B4  kind=static_target
$02FCB6  in func $02FCB6  base $016E0A  kind=static_target
$02FCBC  in func $02FCBC  base $01EE92  kind=static_target
$02FCC2  in func $02FCC2  base $00161E  kind=static_target
$02FCC8  in func $02FCC8  base $040D9E  kind=static_target
$02FCCE  in func $02FCCE  base $016DEE  kind=static_target
$02FCD4  in func $02FCD4  base $00F696  kind=static_target
$02FCDA  in func $02FCDA  base $00F69E  kind=static_target
$02FCE0  in func $02FCE0  base $0163F0  kind=static_target
$02FCF2  in func $02FCE8  base $02FCF6  kind=fallback_hybrid/offset_table
$02FDA2  in func $02FD98  base $02FDA6  kind=fallback_hybrid/offset_table
$02FF92  in func $02FF88  base $02FF96  kind=fallback_hybrid/offset_table
$030008  in func $02FFFE  base $03000C  kind=fallback_hybrid/offset_table
$0304C8  in func $0304C8  base $016564  kind=static_target
$0304CE  in func $0304CE  base $016556  kind=static_target
$0304D4  in func $0304D4  base $018072  kind=static_target
$0304DA  in func $0304DA  base $016442  kind=static_target
$0304E0  in func $0304E0  base $001370  kind=static_target
$0304E6  in func $0304E6  base $0165B4  kind=static_target
$0304EC  in func $0304EC  base $01EE92  kind=static_target
$0304F2  in func $0304F2  base $00161E  kind=static_target
$0304F8  in func $0304F8  base $023090  kind=static_target
$0304FE  in func $0304FE  base $040D9E  kind=static_target
$030504  in func $030504  base $016DEE  kind=static_target
$03050A  in func $03050A  base $00F696  kind=static_target
$030510  in func $030510  base $00F69E  kind=static_target
$030522  in func $030518  base $030526  kind=fallback_hybrid/offset_table
$0306C2  in func $0306B8  base $0306C6  kind=fallback_hybrid/offset_table
$030A3A  in func $030A3A  base $016556  kind=static_target
$030A5C  in func $030A54  base $030A60  kind=fallback_hybrid/offset_table
$030C52  in func $030C4A  base $030C56  kind=fallback_hybrid/offset_table
$030FEC  in func $030FEC  base $016564  kind=static_target
$030FF2  in func $030FF2  base $016556  kind=static_target
$030FF8  in func $030FF8  base $018072  kind=static_target
$030FFE  in func $030FFE  base $001370  kind=static_target
$031004  in func $031004  base $018092  kind=static_target
$03100A  in func $03100A  base $0165B4  kind=static_target
$031010  in func $031010  base $003390  kind=static_target
$031016  in func $031016  base $00161E  kind=static_target
$03101C  in func $03101C  base $040D9E  kind=static_target
$031022  in func $031022  base $00F696  kind=static_target
$031028  in func $031028  base $00F69E  kind=static_target
$03102E  in func $03102E  base $019CCA  kind=static_target
$031034  in func $031034  base $0197B0  kind=static_target
$031046  in func $03103C  base $03104A  kind=fallback_hybrid/offset_table
$031160  in func $031156  base $031164  kind=fallback_hybrid/offset_table
$031684  in func $031684  base $016556  kind=static_target
$031950  in func $031950  base $016564  kind=static_target
$031956  in func $031956  base $016556  kind=static_target
$03195C  in func $03195C  base $018072  kind=static_target
$031962  in func $031962  base $003390  kind=static_target
$031968  in func $031968  base $00161E  kind=static_target
$03196E  in func $03196E  base $040D9E  kind=static_target
$031974  in func $031974  base $00F696  kind=static_target
$03197A  in func $03197A  base $00F69E  kind=static_target
$031980  in func $031980  base $0163F0  kind=static_target
$031992  in func $031988  base $031996  kind=fallback_hybrid/offset_table
$031ABE  in func $031AB4  base $031AC2  kind=fallback_hybrid/offset_table
$031AD8  in func $031ACE  base $031ADC  kind=fallback_hybrid/offset_table
$031F08  in func $031F08  base $016556  kind=static_target
$031FD4  in func $031FBC  base $031FD8  kind=fallback_hybrid/offset_table
$0322E4  in func $0322E4  base $016564  kind=static_target
$0322EA  in func $0322EA  base $016556  kind=static_target
$0322F0  in func $0322F0  base $018072  kind=static_target
$0322F6  in func $0322F6  base $001370  kind=static_target
$0322FC  in func $0322FC  base $018092  kind=static_target
$032302  in func $032302  base $0165B4  kind=static_target
$032308  in func $032308  base $00161E  kind=static_target
$03230E  in func $03230E  base $040D9E  kind=static_target
$032314  in func $032314  base $00F696  kind=static_target
$03231A  in func $03231A  base $00F69E  kind=static_target
$03232A  in func $032320  base $03232E  kind=fallback_hybrid/offset_table
$03245C  in func $032452  base $032460  kind=fallback_hybrid/offset_table
$0326DE  in func $0326C6  base $0326E2  kind=fallback_hybrid/offset_table
$032952  in func $0328FC  base $016556  kind=static_target
$0329E2  in func $0329D8  base $0329E6  kind=fallback_hybrid/offset_table
$032D50  in func $032D46  base $032D54  kind=fallback_hybrid/offset_table
$032FE4  in func $032FE4  base $016564  kind=static_target
$032FEA  in func $032FEA  base $016556  kind=static_target
$032FF0  in func $032FF0  base $018072  kind=static_target
$032FF6  in func $032FF6  base $001370  kind=static_target
$032FFC  in func $032FFC  base $0165B4  kind=static_target
$033002  in func $033002  base $00161E  kind=static_target
$033008  in func $033008  base $040D9E  kind=static_target
$03300E  in func $03300E  base $00F696  kind=static_target
$033014  in func $033014  base $00F69E  kind=static_target
$03301A  in func $03301A  base $0163F0  kind=static_target
$033020  in func $033020  base $01641C  kind=static_target
$033032  in func $033028  base $033036  kind=fallback_hybrid/offset_table
$033088  in func $03307E  base $03308C  kind=fallback_hybrid/offset_table
$0332AC  in func $0332A2  base $0332B0  kind=fallback_hybrid/offset_table
$0334F8  in func $0334EE  base $0334FC  kind=fallback_hybrid/offset_table
$033612  in func $033608  base $033616  kind=fallback_hybrid/offset_table
$033934  in func $033934  base $016564  kind=static_target
$03393A  in func $03393A  base $016556  kind=static_target
$033940  in func $033940  base $018072  kind=static_target
$033946  in func $033946  base $016442  kind=static_target
$03394C  in func $03394C  base $001370  kind=static_target
$033952  in func $033952  base $018092  kind=static_target
$033958  in func $033958  base $0165B4  kind=static_target
$03395E  in func $03395E  base $003390  kind=static_target
$033964  in func $033964  base $016DEE  kind=static_target
$03396A  in func $03396A  base $0033B6  kind=static_target
$033970  in func $033970  base $00F696  kind=static_target
$033976  in func $033976  base $00F69E  kind=static_target
$03397C  in func $03397C  base $01641C  kind=static_target
$033992  in func $033984  base $033996  kind=fallback_hybrid/offset_table
$034878  in func $034878  base $016564  kind=static_target
$03487E  in func $03487E  base $006F8E  kind=static_target
$03488E  in func $03488E  base $034892  kind=fallback_hybrid/offset_table
$034F3C  in func $034F3C  base $016564  kind=static_target
$034F42  in func $034F42  base $0165B4  kind=static_target
$034F52  in func $034F48  base $034F56  kind=fallback_hybrid/offset_table
$035042  in func $035038  base $035046  kind=fallback_hybrid/offset_table
$0354A0  in func $035496  base $0354A4  kind=fallback_hybrid/offset_table
$0355F6  in func $0355EC  base $0355FA  kind=fallback_hybrid/offset_table
$03605E  in func $036054  base $036062  kind=fallback_hybrid/offset_table
$036654  in func $036654  base $016564  kind=static_target
$03665A  in func $03665A  base $016556  kind=static_target
$036660  in func $036660  base $0165B4  kind=static_target
$036666  in func $036666  base $0076FA  kind=static_target
$03666C  in func $03666C  base $00364E  kind=static_target
$036672  in func $036672  base $0033B6  kind=static_target
$036678  in func $036678  base $0163F0  kind=static_target
$03667E  in func $03667E  base $006FA4  kind=static_target
$036684  in func $036684  base $006F8E  kind=static_target
$036826  in func $036820  base $016564  kind=static_target
$03683C  in func $036820  base $016564  kind=static_target
$036996  in func $036990  base $016564  kind=static_target
$0369B0  in func $036990  base $016564  kind=static_target
$0369B6  in func $0369B6  base $016556  kind=static_target
$0369C6  in func $0369BC  base $0369CA  kind=fallback_hybrid/offset_table
$036A02  in func $0369F6  base $016442  kind=static_target
$036A86  in func $036A5A  base $016442  kind=static_target
$036AB8  in func $036A90  base $016442  kind=static_target
$036AD0  in func $036ABE  base $016442  kind=static_target
$036B18  in func $036B0E  base $036B1C  kind=fallback_hybrid/offset_table
$036C2A  in func $036C20  base $036C2E  kind=fallback_hybrid/offset_table
$036C76  in func $036C6C  base $036C7A  kind=fallback_hybrid/offset_table
$036E4E  in func $036E44  base $036E52  kind=fallback_hybrid/offset_table
$036FB0  in func $036FA6  base $036FB4  kind=fallback_hybrid/offset_table
$037088  in func $03707E  base $03708C  kind=fallback_hybrid/offset_table
$0371A0  in func $037196  base $0371A4  kind=fallback_hybrid/offset_table
$0373C4  in func $0373BA  base $0373C8  kind=fallback_hybrid/offset_table
$037472  in func $037468  base $037476  kind=fallback_hybrid/offset_table
$03778A  in func $037780  base $03778E  kind=fallback_hybrid/offset_table
$03786A  in func $037860  base $03786E  kind=fallback_hybrid/offset_table
$0379D8  in func $0379CE  base $0379DC  kind=fallback_hybrid/offset_table
$037AA8  in func $037A9E  base $037AAC  kind=fallback_hybrid/offset_table
$037B24  in func $037B1A  base $037B28  kind=fallback_hybrid/offset_table
$037C9C  in func $037C92  base $037CA0  kind=fallback_hybrid/offset_table
$037EB8  in func $037EAE  base $037EBC  kind=fallback_hybrid/offset_table
$0380AE  in func $0380A4  base $0380B2  kind=fallback_hybrid/offset_table
$0381FE  in func $0381F4  base $038202  kind=fallback_hybrid/offset_table
$038456  in func $03844C  base $03845A  kind=fallback_hybrid/offset_table
$038544  in func $03853A  base $038548  kind=fallback_hybrid/offset_table
$0387E0  in func $0387D6  base $0387E4  kind=fallback_hybrid/offset_table
$038A3E  in func $038A34  base $038A42  kind=fallback_hybrid/offset_table
$038B8C  in func $038B82  base $038B90  kind=fallback_hybrid/offset_table
$038C28  in func $038C1E  base $038C2C  kind=fallback_hybrid/offset_table
$038E5C  in func $038E52  base $038E60  kind=fallback_hybrid/offset_table
$039008  in func $038FFE  base $03900C  kind=fallback_hybrid/offset_table
$0390D4  in func $0390CA  base $0390D8  kind=fallback_hybrid/offset_table
$039108  in func $0390FE  base $03910C  kind=fallback_hybrid/offset_table
$039144  in func $03913A  base $039148  kind=fallback_hybrid/offset_table
$03941C  in func $039412  base $039420  kind=fallback_hybrid/offset_table
$0394BE  in func $0394B4  base $0394C2  kind=fallback_hybrid/offset_table
$0394F4  in func $0394EA  base $0394F8  kind=fallback_hybrid/offset_table
$0397CE  in func $0397C4  base $0397D2  kind=fallback_hybrid/offset_table
$03A27E  in func $03A274  base $03A282  kind=fallback_hybrid/offset_table
$03A49A  in func $03A490  base $03A49E  kind=fallback_hybrid/offset_table
$03A732  in func $03A722  base $03A736  kind=fallback_hybrid/offset_table
$03A832  in func $03A828  base $03A836  kind=fallback_hybrid/offset_table
$03AD0C  in func $03AD02  base $03AD10  kind=fallback_hybrid/offset_table
$03ADAE  in func $03ADA4  base $03ADB2  kind=in_function_switch targets=1
$03ADCC  in func $03ADC2  base $03ADD0  kind=in_function_switch targets=1
$03ADE4  in func $03ADDA  base $03ADE8  kind=fallback_hybrid/offset_table
$03B380  in func $03B376  base $03B384  kind=fallback_hybrid/offset_table
$03B40C  in func $03B402  base $03B410  kind=fallback_hybrid/offset_table
$03B49C  in func $03B492  base $03B4A0  kind=fallback_hybrid/offset_table
$03B672  in func $03B668  base $03B676  kind=fallback_hybrid/offset_table
$03B948  in func $03B93E  base $03B94C  kind=fallback_hybrid/offset_table
$03BA0A  in func $03BA00  base $03BA0E  kind=fallback_hybrid/offset_table
$03BB5C  in func $03BB52  base $03BB60  kind=fallback_hybrid/offset_table
$03BBEE  in func $03BBE4  base $03BBF2  kind=fallback_hybrid/offset_table
$03BC1E  in func $03BC14  base $03BC22  kind=fallback_hybrid/offset_table
$03BC5E  in func $03BC54  base $03BC62  kind=fallback_hybrid/offset_table
$03BCBE  in func $03BCB4  base $03BCC2  kind=fallback_hybrid/offset_table
$03BE1C  in func $03BE12  base $03BE20  kind=fallback_hybrid/offset_table
$03BF4C  in func $03BF42  base $03BF50  kind=fallback_hybrid/offset_table
$03BFA6  in func $03BF9C  base $03BFAA  kind=fallback_hybrid/offset_table
$03C14E  in func $03C144  base $03C152  kind=fallback_hybrid/offset_table
$03C308  in func $03C304  base $001370  kind=static_target
$03C3CA  in func $03C3C0  base $03C3CE  kind=fallback_hybrid/offset_table
$03C478  in func $03C46E  base $03C47C  kind=fallback_hybrid/offset_table
$03C4E4  in func $03C4DA  base $03C4E8  kind=fallback_hybrid/offset_table
$03C890  in func $03C886  base $03C894  kind=fallback_hybrid/offset_table
$03CA4C  in func $03CA42  base $03CA50  kind=fallback_hybrid/offset_table
$03CA9A  in func $03CA82  base $03CA9E  kind=fallback_hybrid/offset_table
$03CBE0  in func $03CBD6  base $03CBE4  kind=fallback_hybrid/offset_table
$03CF72  in func $03CF68  base $03CF76  kind=fallback_hybrid/offset_table
$03CF9A  in func $03CF90  base $03CF9E  kind=fallback_hybrid/offset_table
$03D0D8  in func $03D0CE  base $03D0DC  kind=fallback_hybrid/offset_table
$03D2E0  in func $03D2D6  base $03D2E4  kind=fallback_hybrid/offset_table
$03D56A  in func $03D560  base $03D56E  kind=fallback_hybrid/offset_table
$03D72A  in func $03D71C  base $03D72E  kind=fallback_hybrid/offset_table
$03D74C  in func $03D742  base $03D750  kind=fallback_hybrid/offset_table
$03D7A4  in func $03D79A  base $03D7A8  kind=fallback_hybrid/offset_table
$03D8DE  in func $03D8D4  base $03D8E2  kind=fallback_hybrid/offset_table
$03D974  in func $03D96A  base $03D978  kind=fallback_hybrid/offset_table
$03DA40  in func $03DA08  base $03DA44  kind=fallback_hybrid/offset_table
$03DDF2  in func $03DDE8  base $03DDF6  kind=fallback_hybrid/offset_table
$03DF12  in func $03DF08  base $03DF16  kind=fallback_hybrid/offset_table
$03DF64  in func $03DF5A  base $03DF68  kind=fallback_hybrid/offset_table
$03E2E0  in func $03E2D6  base $03E2E4  kind=fallback_hybrid/offset_table
$03EAD4  in func $03EAD4  base $0165A0  kind=static_target
$03EADA  in func $03EADA  base $016564  kind=static_target
$03EAE0  in func $03EAE0  base $016556  kind=static_target
$03EAE6  in func $03EAE6  base $018072  kind=static_target
$03EAEC  in func $03EAEC  base $016442  kind=static_target
$03EAF2  in func $03EAF2  base $016558  kind=static_target
$03EAF8  in func $03EAF8  base $001370  kind=static_target
$03EAFE  in func $03EAFE  base $018092  kind=static_target
$03EB04  in func $03EB04  base $0165B4  kind=static_target
$03EB0A  in func $03EB0A  base $00137C  kind=static_target
$03EB10  in func $03EB10  base $003390  kind=static_target
$03EB16  in func $03EB16  base $0164E2  kind=static_target
$03EB1C  in func $03EB1C  base $0025E0  kind=static_target
$03EB22  in func $03EB22  base $01D24A  kind=static_target
$03EB28  in func $03EB28  base $01B8E6  kind=static_target
$03EB2E  in func $03EB2E  base $0164AE  kind=static_target
$03EB34  in func $03EB34  base $016DEE  kind=static_target
$03EB3A  in func $03EB3A  base $00135E  kind=static_target
$03EB40  in func $03EB40  base $02D764  kind=static_target
$03EB46  in func $03EB46  base $019CCA  kind=static_target
$03EB4C  in func $03EB4C  base $0197B0  kind=static_target
$03EB52  in func $03EB52  base $0163F0  kind=static_target
$03EB58  in func $03EB58  base $01641C  kind=static_target
$03EB6A  in func $03EB60  base $03EB6E  kind=fallback_hybrid/offset_table
$03EBDA  in func $03EB72  base $016556  kind=static_target
$03EBE0  in func $03EBE0  base $016564  kind=static_target
$03F274  in func $03F274  base $016DEE  kind=static_target
$03F286  in func $03F27C  base $03F28A  kind=fallback_hybrid/offset_table
$03F340  in func $03F310  base $016442  kind=static_target
$03F420  in func $03F3EC  base $016442  kind=static_target
$03F43A  in func $03F426  base $016442  kind=static_target
$03F4B8  in func $03F49E  base $016556  kind=static_target
$03F5E0  in func $03F5E0  base $016556  kind=static_target
$03F5E6  in func $03F5E6  base $018072  kind=static_target
$03FADA  in func $03FAC4  base $03FAE0  kind=fallback_hybrid/offset_table
$03FD48  in func $03FD48  base $01B144  kind=static_target
$03FD4E  in func $03FD4E  base $017560  kind=static_target
$03FD54  in func $03FD54  base $017152  kind=static_target
$03FD72  in func $03FD5C  base $03FD78  kind=fallback_hybrid/offset_table
$040894  in func $040894  base $0014F0  kind=static_target
$040DD2  in func $040D9E  base $00135E  kind=static_target
$040E1A  in func $040DDA  base $00135E  kind=static_target
$041166  in func $041154  base $00144E  kind=static_target
$041B04  in func $041B04  base $016E46  kind=static_target
$041B0A  in func $041B0A  base $0168AA  kind=static_target
$041B1A  in func $041B10  base $041B1E  kind=fallback_hybrid/offset_table
$041BC6  in func $041BA4  base $016564  kind=static_target
$042624  in func $042624  base $016DEE  kind=static_target
