addr=0x005FE4 in_func=0x000000 frame=78
addr=0x00444E in_func=0x000000 frame=78
addr=0x0051F4 in_func=0x000000 frame=78
addr=0x003C44 in_func=0x000000 frame=78
addr=0x00688C in_func=0x000000 frame=78
addr=0x0080C2 in_func=0x000000 frame=258
addr=0x004478 in_func=0x000000 frame=258
addr=0x000C74 in_func=0x000000 frame=258
addr=0x004B94 in_func=0x000000 frame=258
addr=0x0018EC in_func=0x000000 frame=258
addr=0x001902 in_func=0x000000 frame=258
addr=0x001918 in_func=0x000000 frame=258
addr=0x00192E in_func=0x000000 frame=258
addr=0x005F76 in_func=0x000000 frame=258
addr=0x001A2E in_func=0x000000 frame=259
addr=0x004666 in_func=0x000000 frame=459
addr=0x0047EC in_func=0x000000 frame=459
addr=0x005FE4 in_func=0x000000 frame=78
addr=0x00444E in_func=0x000000 frame=78
addr=0x0051F4 in_func=0x000000 frame=78
addr=0x003C44 in_func=0x000000 frame=78
addr=0x00688C in_func=0x000000 frame=78
addr=0x0080C2 in_func=0x000000 frame=258
addr=0x004478 in_func=0x000000 frame=258
addr=0x000C74 in_func=0x000000 frame=258
addr=0x004B94 in_func=0x000000 frame=258
addr=0x0018EC in_func=0x000000 frame=258
addr=0x001902 in_func=0x000000 frame=258
addr=0x001918 in_func=0x000000 frame=258
addr=0x00192E in_func=0x000000 frame=258
addr=0x005F76 in_func=0x000000 frame=258
addr=0x001A2E in_func=0x000000 frame=259
addr=0x004666 in_func=0x000000 frame=459
addr=0x0047EC in_func=0x000000 frame=459
addr=0x005FE4 in_func=0x000000 frame=78
addr=0x00444E in_func=0x000000 frame=78
addr=0x0051F4 in_func=0x000000 frame=78
addr=0x003C44 in_func=0x000000 frame=78
addr=0x00688C in_func=0x000000 frame=78
addr=0x0080C2 in_func=0x000000 frame=258
addr=0x004478 in_func=0x000000 frame=258
addr=0x000C74 in_func=0x000000 frame=258
addr=0x004B94 in_func=0x000000 frame=258
addr=0x0018EC in_func=0x000000 frame=258
addr=0x001902 in_func=0x000000 frame=258
addr=0x001918 in_func=0x000000 frame=258
addr=0x00192E in_func=0x000000 frame=258
addr=0x005F76 in_func=0x000000 frame=258
addr=0x001A2E in_func=0x000000 frame=259
addr=0x004666 in_func=0x000000 frame=459
addr=0x0047EC in_func=0x000000 frame=459
addr=0x005FE4 in_func=0x000000 frame=78
addr=0x00444E in_func=0x000000 frame=78
addr=0x0051F4 in_func=0x000000 frame=78
addr=0x003C44 in_func=0x000000 frame=78
addr=0x00688C in_func=0x000000 frame=78
addr=0x0080C2 in_func=0x000000 frame=258
addr=0x004478 in_func=0x000000 frame=258
addr=0x000C74 in_func=0x000000 frame=258
addr=0x004B94 in_func=0x000000 frame=258
addr=0x0018EC in_func=0x000000 frame=258
addr=0x001902 in_func=0x000000 frame=258
addr=0x001918 in_func=0x000000 frame=258
addr=0x00192E in_func=0x000000 frame=258
addr=0x005F76 in_func=0x000000 frame=258
addr=0x001A2E in_func=0x000000 frame=259
addr=0x005FE4 in_func=0x000000 frame=78
addr=0x00444E in_func=0x000000 frame=78
addr=0x0051F4 in_func=0x000000 frame=78
addr=0x003C44 in_func=0x000000 frame=78
addr=0x00688C in_func=0x000000 frame=78
addr=0x0080C2 in_func=0x000000 frame=258
addr=0x004478 in_func=0x000000 frame=258
addr=0x000C74 in_func=0x000000 frame=258
addr=0x004B94 in_func=0x000000 frame=258
addr=0x0018EC in_func=0x000000 frame=258
addr=0x001902 in_func=0x000000 frame=258
addr=0x001918 in_func=0x000000 frame=258
addr=0x00192E in_func=0x000000 frame=258
addr=0x005F76 in_func=0x000000 frame=258
addr=0x001A2E in_func=0x000000 frame=259
addr=0x004666 in_func=0x000000 frame=459
addr=0x0047EC in_func=0x000000 frame=459
addr=0x005FE4 in_func=0x000000 frame=78
addr=0x00444E in_func=0x000000 frame=78
addr=0x0051F4 in_func=0x000000 frame=78
addr=0x003C44 in_func=0x000000 frame=78
addr=0x00688C in_func=0x000000 frame=78
addr=0x0080C2 in_func=0x000000 frame=258
addr=0x004478 in_func=0x000000 frame=258
addr=0x000C74 in_func=0x000000 frame=258
addr=0x004B94 in_func=0x000000 frame=258
addr=0x0018EC in_func=0x000000 frame=258
addr=0x001902 in_func=0x000000 frame=258
addr=0x001918 in_func=0x000000 frame=258
addr=0x00192E in_func=0x000000 frame=258
addr=0x005F76 in_func=0x000000 frame=258
addr=0x001A2E in_func=0x000000 frame=259
addr=0x004666 in_func=0x000000 frame=459
addr=0x0047EC in_func=0x000000 frame=459
addr=0x0023D6 in_func=0x000000 frame=525
addr=0x005F2E in_func=0x000000 frame=1083
addr=0x005F42 in_func=0x000000 frame=1307
addr=0x008992 in_func=0x000000 frame=1581
addr=0xFFB1F2 in_func=0x000000 frame=1581
addr=0x00C7A6 in_func=0x000000 frame=1581
addr=0x02FE20 in_func=0x000000 frame=1582
addr=0x012F8A in_func=0x000000 frame=1582
addr=0x00ABEE in_func=0x000000 frame=4371
addr=0x009430 in_func=0x000000 frame=7335
addr=0x005F2E in_func=0x000000 frame=820
addr=0x005F42 in_func=0x000000 frame=1044
addr=0x02EC1C in_func=0x000000 frame=1182
addr=0x00C7A6 in_func=0x000000 frame=1182
addr=0x005F1A in_func=0x000000 frame=517
addr=0x005F2E in_func=0x000000 frame=594
addr=0x008992 in_func=0x000000 frame=1351
addr=0xFFB1F2 in_func=0x000000 frame=1351
addr=0x00C7A6 in_func=0x000000 frame=1351
addr=0x02FE20 in_func=0x000000 frame=1352
addr=0x012F8A in_func=0x000000 frame=1352
addr=0x005F42 in_func=0x000000 frame=2755
addr=0x00ABEE in_func=0x000000 frame=3029
addr=0x02EC1C in_func=0x000000 frame=4237
